> library(PopGenome)
Loading required package: ff
Loading required package: bit

Attaching package: ‘bit’

The following object is masked from ‘package:base’:

    xor

Attaching package ff
- getOption("fftempdir")=="/share/ceph/scratch/smc223/6051250/RtmpHzXNaY/ff"

- getOption("ffextension")=="ff"

- getOption("ffdrop")==TRUE

- getOption("fffinonexit")==TRUE

- getOption("ffpagesize")==65536

- getOption("ffcaching")=="mmnoflush"  -- consider "ffeachflush" if your system stalls on large writes

- getOption("ffbatchbytes")==16777216 -- consider a different value for tuning your system

- getOption("ffmaxbytes")==536870912 -- consider a different value for tuning your system


Attaching package: ‘ff’

The following objects are masked from ‘package:utils’:

    write.csv, write.csv2

The following objects are masked from ‘package:base’:

    is.factor, is.ordered

> library(rehh)
> setwd ("/share/ceph/wym219group/shared/data/1000Genomes/CandidateLoci")
> hh <- data2haplohh(hap_file = "/share/ceph/wym219group/shared/data/1000Genomes/CandidateLoci/LYZ.HC3202_chr12.68348381-70354234.vcf.gz")
* Reading input file(s) *
Using package 'data.table' to read vcf.
Extracting map information.
Extracting ancestral allele from info field of vcf file.
Extracting haplotypes.
Number of individuals which are 
Haploid Diploid Triploid, ... : 
1 2 
0 3202 
No marker identifiers found in vcf file.
Polarizing variants.
Error: No marker could be polarized. Conversion stopped.
In addition: Warning messages:
1: In data.table::fread(vcf_file, skip = "#CHROM", select = c("#CHROM",  :
  Discarded single-line footer: <<chr12	70175563	.	G	GA	445.62	PASS	AC=1;AF=0.000156152;AN=6404;BaseQRankSum=-0.055;ClippingRankSum=-2.155;DP=95128;FS=0;MLEAC=1;MLEAF=0.0001562;MQ=60;MQ0=0;MQRankSum=0.092;QD=13.5;ReadPosRankSum=0.092;SOR=0.656;VQSLOD=5.89;culprit=FS;AN_EUR=1266;AN_EAS=1170;AN_AMR=980;AN_SAS=1202;AN_AFR=1786;AF_EUR=0;AF_EAS=0.000854701;AF_AMR=0;AF_SAS=0;AF_AFR=0;AC_EUR=0;AC_EAS=1;AC_AMR=0;AC_SAS=0;AC_AFR=0;AC_Het_EUR=0;AC_Het_EAS=1;AC_Het_AMR=0;AC_Het_SAS=0;AC_Het_AFR=0;AC_Het=1;AC_Hom_EUR=0;AC_Hom_EAS=0;AC_Hom_A>>
2: In read.vcf(hap_file, chr.name = chr.name, polarize_vcf = polarize_vcf,  :
  Ancestral allele info field is empty for 75370 markers.
3: In data.table::fread(vcf_file, skip = "#CHROM", drop = c("#CHROM",  :
  Discarded single-line footer: <<chr12	70175563	.	G	GA	445.62	PASS	AC=1;AF=0.000156152;AN=6404;BaseQRankSum=-0.055;ClippingRankSum=-2.155;DP=95128;FS=0;MLEAC=1;MLEAF=0.0001562;MQ=60;MQ0=0;MQRankSum=0.092;QD=13.5;ReadPosRankSum=0.092;SOR=0.656;VQSLOD=5.89;culprit=FS;AN_EUR=1266;AN_EAS=1170;AN_AMR=980;AN_SAS=1202;AN_AFR=1786;AF_EUR=0;AF_EAS=0.000854701;AF_AMR=0;AF_SAS=0;AF_AFR=0;AC_EUR=0;AC_EAS=1;AC_AMR=0;AC_SAS=0;AC_AFR=0;AC_Het_EUR=0;AC_Het_EAS=1;AC_Het_AMR=0;AC_Het_SAS=0;AC_Het_AFR=0;AC_Het=1;AC_Hom_EUR=0;AC_Hom_EAS=0;AC_Hom_A>>
> scan <- scan_hh(hh)
Error in is(x, "haplohh") : object 'hh' not found
